// Jest Snapshot v1, https://goo.gl/fbAQLP

exports[`PostTemplate renders correctly 1`] = `
<div
  className="layout"
>
  <div
    className="post"
  >
    <a
      className="post__home-button"
      href="/"
    >
      All Articles
    </a>
    <div
      className="post__content"
    >
      <div
        className="content"
      >
        <h1
          className="content__title"
        >
          test
        </h1>
        <div
          className="meta"
        >
          <p
            className="meta__date"
          >
            2016년 09월 1일
          </p>
        </div>
        <div
          className="content__body"
          dangerouslySetInnerHTML={
            Object {
              "__html": "<p>test</p>",
            }
          }
        />
      </div>
    </div>
    <div
      className="post__footer"
    >
      <div
        className="tags"
      >
        <ul
          className="tags__list"
        >
          <li
            className="tags__list-item"
          >
            <a
              className="tags__list-item-link"
              href="/test_0"
            >
              test_0
            </a>
          </li>
          <li
            className="tags__list-item"
          >
            <a
              className="tags__list-item-link"
              href="/test_1"
            >
              test_1
            </a>
          </li>
        </ul>
      </div>
      <div
        className="author"
      >
        <img
          alt="Test name"
          className="author__photo"
          height="65"
          src="/test.jpg"
          width="65"
        />
        <p
          className="author__bio"
        >
          <a
            className="author__bio-twitter"
            href="https://www.twitter.com/#"
            rel="noopener noreferrer"
            target="_blank"
          >
            <strong>
              Test name
            </strong>
          </a>
          <span
            className="author__bio-subtitle"
          >
            Test bio
            <br />
            계발자 이영창 입니다.
          </span>
        </p>
      </div>
    </div>
    <div
      className="post__comments"
    />
  </div>
</div>
`;
