// Jest Snapshot v1, https://goo.gl/fbAQLP

exports[`Author renders correctly 1`] = `
<div
  className="author"
>
  <img
    alt="Test name"
    className="author__photo"
    height="65"
    src="/test.jpg"
    width="65"
  />
  <p
    className="author__bio"
  >
    <a
      className="author__bio-twitter"
      href="https://www.twitter.com/#"
      rel="noopener noreferrer"
      target="_blank"
    >
      <strong>
        Test name
      </strong>
    </a>
    <span
      className="author__bio-subtitle"
    >
      Test bio
      <br />
      계발자 이영창 입니다.
    </span>
  </p>
</div>
`;
